// Jest Snapshot v1, https://goo.gl/fbAQLP

exports[`Diagram for simple lines renders and matches snapshot 1`] = `
"<Provider store={{...}}>
  <Diagram lineDiagram={{...}}>
    <svg xmlns=\\"http://www.w3.org/2000/svg\\" role=\\"img\\" aria-labelledby=\\"diagram-title diagram-desc\\" className=\\"line-diagram-svg bus\\" width=\\"40px\\" height=\\"100%\\" style={{...}}>
      <title id=\\"diagram-title\\">
        Line diagram for
         
        route 1
      </title>
      <desc id=\\"diagram-desc\\">
        4 stops going Outbound to Begin
      </desc>
      <defs>
        <pattern id=\\"diagonalHatch\\" width=\\"10\\" height=\\"10\\" patternTransform=\\"rotate(45 0 0)\\" patternUnits=\\"userSpaceOnUse\\">
          <line className=\\"line-diagram-svg__line\\" y2={8} strokeWidth=\\"16px\\" />
        </pattern>
      </defs>
      <Line from={{...}} to={{...}}>
        <line className=\\"line-diagram-svg__line\\" strokeWidth=\\"10px\\" x1=\\"11px\\" x2=\\"11px\\" y1=\\"30px\\" y2=\\"50px\\" stroke=\\"url(#diagonalHatch)\\" />
      </Line>
      <Line from={{...}} to={{...}}>
        <line className=\\"line-diagram-svg__line\\" strokeWidth=\\"10px\\" x1=\\"11px\\" x2=\\"11px\\" y1=\\"50px\\" y2=\\"70px\\" />
      </Line>
      <Line from={{...}} to={{...}}>
        <line className=\\"line-diagram-svg__line\\" strokeWidth=\\"10px\\" x1=\\"11px\\" x2=\\"11px\\" y1=\\"70px\\" y2=\\"90px\\" />
      </Line>
      <Stop stop={{...}}>
        <circle className=\\"line-diagram-svg__stop\\" r=\\"4px\\" cx=\\"10px\\" cy=\\"30px\\" />
      </Stop>
      <Stop stop={{...}}>
        <circle className=\\"line-diagram-svg__stop\\" r=\\"4px\\" cx=\\"10px\\" cy=\\"50px\\" />
      </Stop>
      <Stop stop={{...}}>
        <circle className=\\"line-diagram-svg__stop\\" r=\\"4px\\" cx=\\"10px\\" cy=\\"70px\\" />
      </Stop>
      <Stop stop={{...}}>
        <circle className=\\"line-diagram-svg__stop\\" r=\\"4px\\" cx=\\"10px\\" cy=\\"90px\\" />
      </Stop>
    </svg>
  </Diagram>
</Provider>"
`;

exports[`Diagram with branches going inward renders and matches snapshot 1`] = `
"<Provider store={{...}}>
  <Diagram lineDiagram={{...}}>
    <svg xmlns=\\"http://www.w3.org/2000/svg\\" role=\\"img\\" aria-labelledby=\\"diagram-title diagram-desc\\" className=\\"line-diagram-svg commuter-rail\\" width=\\"72px\\" height=\\"100%\\" style={{...}}>
      <title id=\\"diagram-title\\">
        Line diagram for
         
        route 1
      </title>
      <desc id=\\"diagram-desc\\">
        13 stops going Outbound to Begin
        Use Stop 1 to transfer to trains on TreeTrunk or TreeTwig or TreeBranch branches. 
      </desc>
      <defs>
        <pattern id=\\"diagonalHatch\\" width=\\"10\\" height=\\"10\\" patternTransform=\\"rotate(45 0 0)\\" patternUnits=\\"userSpaceOnUse\\">
          <line className=\\"line-diagram-svg__line\\" y2={8} strokeWidth=\\"16px\\" />
        </pattern>
      </defs>
      <Merges lineDiagram={{...}}>
        <g className=\\"line-diagram-svg__merge\\">
          <Line from={{...}} to={{...}}>
            <line className=\\"line-diagram-svg__line\\" strokeWidth=\\"10px\\" x1=\\"11px\\" x2=\\"11px\\" y1=\\"290px\\" y2=\\"150px\\" />
          </Line>
          <path strokeWidth=\\"10px\\" d=\\"M10,250 v74 a-6,6 0 0 1 -6,6 h6\\" />
          <path strokeWidth=\\"10px\\" d=\\"M10,170 v-6 a-6,6 0 0 1 -6,6 h6\\" />
        </g>
      </Merges>
      <Line from={{...}} to={{...}}>
        <line className=\\"line-diagram-svg__line\\" strokeWidth=\\"10px\\" x1=\\"11px\\" x2=\\"11px\\" y1=\\"350px\\" y2=\\"330px\\" />
      </Line>
      <Line from={{...}} to={{...}}>
        <line className=\\"line-diagram-svg__line\\" strokeWidth=\\"10px\\" x1=\\"11px\\" x2=\\"11px\\" y1=\\"330px\\" y2=\\"310px\\" />
      </Line>
      <Line from={{...}} to={{...}}>
        <line className=\\"line-diagram-svg__line\\" strokeWidth=\\"10px\\" x1=\\"11px\\" x2=\\"11px\\" y1=\\"310px\\" y2=\\"290px\\" />
      </Line>
      <Line from={{...}} to={{...}}>
        <line className=\\"line-diagram-svg__line\\" strokeWidth=\\"10px\\" x1=\\"11px\\" x2=\\"11px\\" y1=\\"290px\\" y2=\\"270px\\" />
      </Line>
      <Line from={{...}} to={{...}}>
        <line className=\\"line-diagram-svg__line\\" strokeWidth=\\"10px\\" x1=\\"11px\\" x2=\\"11px\\" y1=\\"270px\\" y2=\\"250px\\" />
        <line className=\\"line-diagram-svg__line\\" strokeWidth=\\"10px\\" x1=\\"27px\\" x2=\\"27px\\" y1=\\"270px\\" y2=\\"250px\\" />
      </Line>
      <Line from={{...}} to={{...}}>
        <line className=\\"line-diagram-svg__line\\" strokeWidth=\\"10px\\" x1=\\"11px\\" x2=\\"11px\\" y1=\\"250px\\" y2=\\"230px\\" />
        <line className=\\"line-diagram-svg__line\\" strokeWidth=\\"10px\\" x1=\\"27px\\" x2=\\"27px\\" y1=\\"250px\\" y2=\\"230px\\" />
      </Line>
      <Line from={{...}} to={{...}}>
        <line className=\\"line-diagram-svg__line\\" strokeWidth=\\"10px\\" x1=\\"11px\\" x2=\\"11px\\" y1=\\"230px\\" y2=\\"210px\\" />
        <line className=\\"line-diagram-svg__line\\" strokeWidth=\\"10px\\" x1=\\"27px\\" x2=\\"27px\\" y1=\\"230px\\" y2=\\"210px\\" />
        <line className=\\"line-diagram-svg__line\\" strokeWidth=\\"10px\\" x1=\\"43px\\" x2=\\"43px\\" y1=\\"230px\\" y2=\\"210px\\" />
      </Line>
      <Line from={{...}} to={{...}}>
        <line className=\\"line-diagram-svg__line\\" strokeWidth=\\"10px\\" x1=\\"11px\\" x2=\\"11px\\" y1=\\"210px\\" y2=\\"190px\\" />
        <line className=\\"line-diagram-svg__line\\" strokeWidth=\\"10px\\" x1=\\"27px\\" x2=\\"27px\\" y1=\\"210px\\" y2=\\"190px\\" />
        <line className=\\"line-diagram-svg__line\\" strokeWidth=\\"16px\\" x1=\\"43px\\" x2=\\"43px\\" y1=\\"210px\\" y2=\\"190px\\" />
      </Line>
      <Line from={{...}} to={{...}}>
        <line className=\\"line-diagram-svg__line\\" strokeWidth=\\"10px\\" x1=\\"11px\\" x2=\\"11px\\" y1=\\"190px\\" y2=\\"170px\\" />
        <line className=\\"line-diagram-svg__line\\" strokeWidth=\\"10px\\" x1=\\"27px\\" x2=\\"27px\\" y1=\\"190px\\" y2=\\"170px\\" />
        <line className=\\"line-diagram-svg__line\\" strokeWidth=\\"16px\\" x1=\\"43px\\" x2=\\"43px\\" y1=\\"190px\\" y2=\\"170px\\" />
      </Line>
      <Line from={{...}} to={{...}} />
      <Line from={{...}} to={{...}}>
        <line className=\\"line-diagram-svg__line\\" strokeWidth=\\"10px\\" x1=\\"10px\\" x2=\\"10px\\" y1=\\"150px\\" y2=\\"130px\\" />
      </Line>
      <Line from={{...}} to={{...}}>
        <line className=\\"line-diagram-svg__line\\" strokeWidth=\\"10px\\" x1=\\"11px\\" x2=\\"11px\\" y1=\\"130px\\" y2=\\"110px\\" />
      </Line>
      <Stop stop={{...}}>
        <circle className=\\"line-diagram-svg__stop\\" r=\\"4px\\" cx=\\"10px\\" cy=\\"350px\\" />
      </Stop>
      <Stop stop={{...}}>
        <circle className=\\"line-diagram-svg__stop\\" r=\\"4px\\" cx=\\"10px\\" cy=\\"330px\\" />
      </Stop>
      <Stop stop={{...}}>
        <circle className=\\"line-diagram-svg__stop\\" r=\\"4px\\" cx=\\"10px\\" cy=\\"310px\\" />
      </Stop>
      <Stop stop={{...}}>
        <circle className=\\"line-diagram-svg__stop\\" r=\\"4px\\" cx=\\"10px\\" cy=\\"290px\\" />
      </Stop>
      <Stop stop={{...}}>
        <circle className=\\"line-diagram-svg__stop\\" r=\\"4px\\" cx=\\"10px\\" cy=\\"270px\\" />
      </Stop>
      <Stop stop={{...}}>
        <circle className=\\"line-diagram-svg__stop\\" r=\\"4px\\" cx=\\"10px\\" cy=\\"250px\\" />
      </Stop>
      <Stop stop={{...}}>
        <circle className=\\"line-diagram-svg__stop\\" r=\\"4px\\" cx=\\"10px\\" cy=\\"230px\\" />
      </Stop>
      <Stop stop={{...}}>
        <circle className=\\"line-diagram-svg__stop\\" r=\\"4px\\" cx=\\"10px\\" cy=\\"210px\\" />
      </Stop>
      <Stop stop={{...}}>
        <circle className=\\"line-diagram-svg__stop\\" r=\\"4px\\" cx=\\"10px\\" cy=\\"190px\\" />
      </Stop>
      <Stop stop={{...}}>
        <circle className=\\"line-diagram-svg__stop\\" r=\\"4px\\" cx=\\"10px\\" cy=\\"170px\\" />
      </Stop>
      <Stop stop={{...}}>
        <circle className=\\"line-diagram-svg__stop\\" r=\\"4px\\" cx=\\"10px\\" cy=\\"150px\\" />
      </Stop>
      <Stop stop={{...}}>
        <circle className=\\"line-diagram-svg__stop\\" r=\\"4px\\" cx=\\"10px\\" cy=\\"130px\\" />
      </Stop>
      <Stop stop={{...}}>
        <circle className=\\"line-diagram-svg__stop\\" r=\\"4px\\" cx=\\"10px\\" cy=\\"110px\\" />
      </Stop>
    </svg>
  </Diagram>
</Provider>"
`;

exports[`Diagram with branches going outward renders and matches snapshot 1`] = `
"<Provider store={{...}}>
  <Diagram lineDiagram={{...}}>
    <svg xmlns=\\"http://www.w3.org/2000/svg\\" role=\\"img\\" aria-labelledby=\\"diagram-title diagram-desc\\" className=\\"line-diagram-svg bus\\" width=\\"72px\\" height=\\"100%\\" style={{...}}>
      <title id=\\"diagram-title\\">
        Line diagram for
         
        route 1
      </title>
      <desc id=\\"diagram-desc\\">
        13 stops going Outbound to Begin
        Use Stop 1 to transfer to trains on TreeTrunk or TreeTwig or TreeBranch branches. 
      </desc>
      <defs>
        <pattern id=\\"diagonalHatch\\" width=\\"10\\" height=\\"10\\" patternTransform=\\"rotate(45 0 0)\\" patternUnits=\\"userSpaceOnUse\\">
          <line className=\\"line-diagram-svg__line\\" y2={8} strokeWidth=\\"16px\\" />
        </pattern>
      </defs>
      <Merges lineDiagram={{...}}>
        <g className=\\"line-diagram-svg__merge\\">
          <Line from={{...}} to={{...}}>
            <line className=\\"line-diagram-svg__line\\" strokeWidth=\\"10px\\" x1=\\"10px\\" x2=\\"10px\\" y1=\\"150px\\" y2=\\"290px\\" />
          </Line>
          <path strokeWidth=\\"10px\\" d=\\"M10,250 v-34 a-6,-6 0 0 0 -6,-6 h6\\" />
          <path strokeWidth=\\"10px\\" d=\\"M10,170 v46 a-6,-6 0 0 0 -6,-6 h6\\" />
        </g>
      </Merges>
      <Line from={{...}} to={{...}}>
        <line className=\\"line-diagram-svg__line\\" strokeWidth=\\"10px\\" x1=\\"11px\\" x2=\\"11px\\" y1=\\"110px\\" y2=\\"130px\\" />
      </Line>
      <Line from={{...}} to={{...}}>
        <line className=\\"line-diagram-svg__line\\" strokeWidth=\\"10px\\" x1=\\"11px\\" x2=\\"11px\\" y1=\\"130px\\" y2=\\"150px\\" />
      </Line>
      <Line from={{...}} to={{...}}>
        <line className=\\"line-diagram-svg__line\\" strokeWidth=\\"10px\\" x1=\\"10px\\" x2=\\"10px\\" y1=\\"150px\\" y2=\\"170px\\" />
      </Line>
      <Line from={{...}} to={{...}}>
        <line className=\\"line-diagram-svg__line\\" strokeWidth=\\"10px\\" x1=\\"11px\\" x2=\\"11px\\" y1=\\"170px\\" y2=\\"190px\\" />
        <line className=\\"line-diagram-svg__line\\" strokeWidth=\\"10px\\" x1=\\"27px\\" x2=\\"27px\\" y1=\\"170px\\" y2=\\"190px\\" />
        <line className=\\"line-diagram-svg__line\\" strokeWidth=\\"16px\\" x1=\\"43px\\" x2=\\"43px\\" y1=\\"170px\\" y2=\\"190px\\" />
      </Line>
      <Line from={{...}} to={{...}}>
        <line className=\\"line-diagram-svg__line\\" strokeWidth=\\"10px\\" x1=\\"11px\\" x2=\\"11px\\" y1=\\"190px\\" y2=\\"210px\\" />
        <line className=\\"line-diagram-svg__line\\" strokeWidth=\\"10px\\" x1=\\"27px\\" x2=\\"27px\\" y1=\\"190px\\" y2=\\"210px\\" />
        <line className=\\"line-diagram-svg__line\\" strokeWidth=\\"16px\\" x1=\\"43px\\" x2=\\"43px\\" y1=\\"190px\\" y2=\\"210px\\" />
      </Line>
      <Line from={{...}} to={{...}}>
        <line className=\\"line-diagram-svg__line\\" strokeWidth=\\"10px\\" x1=\\"11px\\" x2=\\"11px\\" y1=\\"210px\\" y2=\\"230px\\" />
        <line className=\\"line-diagram-svg__line\\" strokeWidth=\\"10px\\" x1=\\"27px\\" x2=\\"27px\\" y1=\\"210px\\" y2=\\"230px\\" />
        <line className=\\"line-diagram-svg__line\\" strokeWidth=\\"10px\\" x1=\\"43px\\" x2=\\"43px\\" y1=\\"210px\\" y2=\\"230px\\" />
      </Line>
      <Line from={{...}} to={{...}}>
        <line className=\\"line-diagram-svg__line\\" strokeWidth=\\"10px\\" x1=\\"11px\\" x2=\\"11px\\" y1=\\"250px\\" y2=\\"270px\\" />
        <line className=\\"line-diagram-svg__line\\" strokeWidth=\\"10px\\" x1=\\"27px\\" x2=\\"27px\\" y1=\\"250px\\" y2=\\"270px\\" />
      </Line>
      <Line from={{...}} to={{...}}>
        <line className=\\"line-diagram-svg__line\\" strokeWidth=\\"10px\\" x1=\\"11px\\" x2=\\"11px\\" y1=\\"290px\\" y2=\\"310px\\" />
      </Line>
      <Line from={{...}} to={{...}}>
        <line className=\\"line-diagram-svg__line\\" strokeWidth=\\"10px\\" x1=\\"11px\\" x2=\\"11px\\" y1=\\"310px\\" y2=\\"330px\\" />
      </Line>
      <Line from={{...}} to={{...}}>
        <line className=\\"line-diagram-svg__line\\" strokeWidth=\\"10px\\" x1=\\"11px\\" x2=\\"11px\\" y1=\\"330px\\" y2=\\"350px\\" />
      </Line>
      <Stop stop={{...}}>
        <circle className=\\"line-diagram-svg__stop\\" r=\\"4px\\" cx=\\"10px\\" cy=\\"110px\\" />
      </Stop>
      <Stop stop={{...}}>
        <circle className=\\"line-diagram-svg__stop\\" r=\\"4px\\" cx=\\"10px\\" cy=\\"130px\\" />
      </Stop>
      <Stop stop={{...}}>
        <circle className=\\"line-diagram-svg__stop\\" r=\\"4px\\" cx=\\"10px\\" cy=\\"150px\\" />
      </Stop>
      <Stop stop={{...}}>
        <circle className=\\"line-diagram-svg__stop\\" r=\\"4px\\" cx=\\"10px\\" cy=\\"170px\\" />
      </Stop>
      <Stop stop={{...}}>
        <circle className=\\"line-diagram-svg__stop\\" r=\\"4px\\" cx=\\"10px\\" cy=\\"190px\\" />
      </Stop>
      <Stop stop={{...}}>
        <circle className=\\"line-diagram-svg__stop\\" r=\\"4px\\" cx=\\"10px\\" cy=\\"210px\\" />
      </Stop>
      <Stop stop={{...}}>
        <circle className=\\"line-diagram-svg__stop\\" r=\\"4px\\" cx=\\"10px\\" cy=\\"230px\\" />
      </Stop>
      <Stop stop={{...}}>
        <circle className=\\"line-diagram-svg__stop\\" r=\\"4px\\" cx=\\"10px\\" cy=\\"250px\\" />
      </Stop>
      <Stop stop={{...}}>
        <circle className=\\"line-diagram-svg__stop\\" r=\\"4px\\" cx=\\"10px\\" cy=\\"270px\\" />
      </Stop>
      <Stop stop={{...}}>
        <circle className=\\"line-diagram-svg__stop\\" r=\\"4px\\" cx=\\"10px\\" cy=\\"290px\\" />
      </Stop>
      <Stop stop={{...}}>
        <circle className=\\"line-diagram-svg__stop\\" r=\\"4px\\" cx=\\"10px\\" cy=\\"310px\\" />
      </Stop>
      <Stop stop={{...}}>
        <circle className=\\"line-diagram-svg__stop\\" r=\\"4px\\" cx=\\"10px\\" cy=\\"330px\\" />
      </Stop>
      <Stop stop={{...}}>
        <circle className=\\"line-diagram-svg__stop\\" r=\\"4px\\" cx=\\"10px\\" cy=\\"350px\\" />
      </Stop>
    </svg>
  </Diagram>
</Provider>"
`;
