// Jest Snapshot v1, https://goo.gl/fbAQLP

exports[`LineDiagramWithStops renders and matches snapshot 1`] = `
"<Provider store={{...}}>
  <LineDiagramWithStops stops={{...}} handleStopClick={[Function: handleStopClick]} predictionUrl=\\"\\" channel=\\"\\">
    <div className=\\"m-schedule-diagram\\">
      <LiveVehicles channel=\\"\\" />
      <Diagram lineDiagram={{...}}>
        <svg xmlns=\\"http://www.w3.org/2000/svg\\" role=\\"img\\" aria-labelledby=\\"diagram-title diagram-desc\\" className=\\"line-diagram-svg bus\\" width=\\"40px\\" height=\\"100%\\" style={{...}}>
          <title id=\\"diagram-title\\">
            Line diagram for
             
            route 1
          </title>
          <desc id=\\"diagram-desc\\">
            4 stops going Outbound to Begin
          </desc>
          <defs>
            <pattern id=\\"diagonalHatch\\" width=\\"10\\" height=\\"10\\" patternTransform=\\"rotate(45 0 0)\\" patternUnits=\\"userSpaceOnUse\\">
              <line className=\\"line-diagram-svg__line\\" y2={8} strokeWidth=\\"16px\\" />
            </pattern>
          </defs>
          <Line from={{...}} to={{...}}>
            <line className=\\"line-diagram-svg__line\\" strokeWidth=\\"10px\\" x1=\\"11px\\" x2=\\"11px\\" y1=\\"30px\\" y2=\\"50px\\" stroke=\\"url(#diagonalHatch)\\" />
          </Line>
          <Line from={{...}} to={{...}}>
            <line className=\\"line-diagram-svg__line\\" strokeWidth=\\"10px\\" x1=\\"11px\\" x2=\\"11px\\" y1=\\"50px\\" y2=\\"70px\\" />
          </Line>
          <Line from={{...}} to={{...}}>
            <line className=\\"line-diagram-svg__line\\" strokeWidth=\\"10px\\" x1=\\"11px\\" x2=\\"11px\\" y1=\\"70px\\" y2=\\"90px\\" />
          </Line>
          <Stop stop={{...}}>
            <circle className=\\"line-diagram-svg__stop\\" r=\\"4px\\" cx=\\"10px\\" cy=\\"30px\\" />
          </Stop>
          <Stop stop={{...}}>
            <circle className=\\"line-diagram-svg__stop\\" r=\\"4px\\" cx=\\"10px\\" cy=\\"50px\\" />
          </Stop>
          <Stop stop={{...}}>
            <circle className=\\"line-diagram-svg__stop\\" r=\\"4px\\" cx=\\"10px\\" cy=\\"70px\\" />
          </Stop>
          <Stop stop={{...}}>
            <circle className=\\"line-diagram-svg__stop\\" r=\\"4px\\" cx=\\"10px\\" cy=\\"90px\\" />
          </Stop>
        </svg>
      </Diagram>
      <StopCardList stops={{...}} predictionUrl=\\"\\" handleStopClick={[Function: handleStopClick]}>
        <ol className=\\"u-no-crowding-data\\">
          <StopCard stop={{...}} onClick={[Function: handleStopClick]} liveHeadsigns={[undefined]}>
            <li className=\\"m-schedule-diagram__stop\\" style={{...}}>
              <section className=\\"m-schedule-diagram__content\\">
                <header className=\\"m-schedule-diagram__stop-heading\\">
                  <h4 className=\\"m-schedule-diagram__stop-link\\">
                    <a href=\\"/stops/line-origin\\">
                      <MatchHighlight text=\\"Origin\\" matchQuery={[undefined]}>
                        <span>
                          Origin
                        </span>
                      </MatchHighlight>
                    </a>
                  </h4>
                  <div className=\\"m-schedule-diagram__features\\">
                    <TooltipWrapper tooltipText=\\"Parking\\" tooltipOptions={{...}}>
                      <span href={[undefined]} data-toggle=\\"tooltip\\" data-trigger=\\"hover focus\\" data-placement=\\"bottom\\" data-animation={true} data-html={false} data-selector=\\"true\\" data-original-title=\\"Parking\\" title=\\"Parking\\">
                        <span className=\\"notranslate c-svg__icon-parking-default m-schedule-diagram__feature-icon\\" aria-hidden=\\"false\\" dangerouslySetInnerHTML={{...}} />
                      </span>
                    </TooltipWrapper>
                  </div>
                </header>
                <div className=\\"m-schedule-diagram__stop-details\\">
                  <div className=\\"m-schedule-diagram__connections\\" />
                  <div className=\\"m-schedule-diagram__alert\\">
                    Detour
                  </div>
                </div>
                <footer className=\\"m-schedule-diagram__footer\\">
                  <button className=\\"btn btn-link\\" type=\\"button\\" onClick={[Function: onClick]}>
                    View schedule
                  </button>
                </footer>
              </section>
            </li>
          </StopCard>
          <StopCard stop={{...}} onClick={[Function: handleStopClick]} liveHeadsigns={[undefined]}>
            <li className=\\"m-schedule-diagram__stop\\" style={{...}}>
              <section className=\\"m-schedule-diagram__content\\">
                <header className=\\"m-schedule-diagram__stop-heading\\">
                  <h4 className=\\"m-schedule-diagram__stop-link\\">
                    <a href=\\"/stops/line-stop1\\">
                      <span className=\\"notranslate c-svg__icon-alerts-triangle\\" aria-hidden=\\"false\\" dangerouslySetInnerHTML={{...}} />
                      <span className=\\"sr-only\\">
                        Service alert or delay
                      </span>
                       
                      <MatchHighlight text=\\"Stop 1\\" matchQuery={[undefined]}>
                        <span>
                          Stop 1
                        </span>
                      </MatchHighlight>
                    </a>
                  </h4>
                  <div className=\\"m-schedule-diagram__features\\" />
                </header>
                <div className=\\"m-schedule-diagram__stop-details\\">
                  <div className=\\"m-schedule-diagram__connections\\">
                    <TooltipWrapper href=\\"/schedules/Orange/line\\" tooltipText=\\"Orange Line\\" tooltipOptions={{...}}>
                      <a href=\\"/schedules/Orange/line\\" data-toggle=\\"tooltip\\" data-trigger=\\"hover focus\\" data-placement=\\"bottom\\" data-animation={false} data-html={false} data-selector=\\"true\\" data-original-title=\\"Orange Line\\" title=\\"Orange Line\\">
                        <span className=\\"m-schedule-diagram__connection\\">
                          <span className=\\"notranslate c-svg__icon\\" aria-hidden=\\"false\\" dangerouslySetInnerHTML={{...}} />
                        </span>
                      </a>
                    </TooltipWrapper>
                    <TooltipWrapper href=\\"/schedules/Green-C/line\\" tooltipText=\\"Green Line C\\" tooltipOptions={{...}}>
                      <a href=\\"/schedules/Green-C/line\\" data-toggle=\\"tooltip\\" data-trigger=\\"hover focus\\" data-placement=\\"bottom\\" data-animation={false} data-html={false} data-selector=\\"true\\" data-original-title=\\"Green Line C\\" title=\\"Green Line C\\">
                        <span className=\\"m-schedule-diagram__connection\\">
                          <span className=\\"notranslate c-svg__icon\\" aria-hidden=\\"false\\" dangerouslySetInnerHTML={{...}} />
                        </span>
                      </a>
                    </TooltipWrapper>
                  </div>
                </div>
                <footer className=\\"m-schedule-diagram__footer\\">
                  <button className=\\"btn btn-link\\" type=\\"button\\" onClick={[Function: onClick]}>
                    View schedule
                  </button>
                </footer>
              </section>
            </li>
          </StopCard>
          <StopCard stop={{...}} onClick={[Function: handleStopClick]} liveHeadsigns={[undefined]}>
            <li className=\\"m-schedule-diagram__stop\\" style={{...}}>
              <section className=\\"m-schedule-diagram__content\\">
                <header className=\\"m-schedule-diagram__stop-heading\\">
                  <h4 className=\\"m-schedule-diagram__stop-link\\">
                    <a href=\\"/stops/line-stop2\\">
                      <span className=\\"notranslate c-svg__icon-alerts-triangle\\" aria-hidden=\\"false\\" dangerouslySetInnerHTML={{...}} />
                      <span className=\\"sr-only\\">
                        Service alert or delay
                      </span>
                       
                      <MatchHighlight text=\\"Stop 2\\" matchQuery={[undefined]}>
                        <span>
                          Stop 2
                        </span>
                      </MatchHighlight>
                    </a>
                  </h4>
                  <div className=\\"m-schedule-diagram__features\\">
                    <TooltipWrapper tooltipText=\\"Accessible\\" tooltipOptions={{...}}>
                      <span href={[undefined]} data-toggle=\\"tooltip\\" data-trigger=\\"hover focus\\" data-placement=\\"bottom\\" data-animation={true} data-html={false} data-selector=\\"true\\" data-original-title=\\"Accessible\\" title=\\"Accessible\\">
                        <span className=\\"notranslate c-svg__icon-acessible-default m-schedule-diagram__feature-icon\\" aria-hidden=\\"false\\" dangerouslySetInnerHTML={{...}} />
                      </span>
                    </TooltipWrapper>
                  </div>
                </header>
                <div className=\\"m-schedule-diagram__stop-details\\">
                  <div className=\\"m-schedule-diagram__connections\\">
                    <TooltipWrapper href=\\"/schedules/62/line\\" tooltipText=\\"Route 62\\" tooltipOptions={{...}}>
                      <a href=\\"/schedules/62/line\\" data-toggle=\\"tooltip\\" data-trigger=\\"hover focus\\" data-placement=\\"bottom\\" data-animation={false} data-html={false} data-selector=\\"true\\" data-original-title=\\"Route 62\\" title=\\"Route 62\\">
                        <span className=\\"c-icon__bus-pill--small m-schedule-diagram__connection u-bg--bus\\">
                          62
                        </span>
                      </a>
                    </TooltipWrapper>
                    <TooltipWrapper href=\\"/schedules/67/line\\" tooltipText=\\"Route 67\\" tooltipOptions={{...}}>
                      <a href=\\"/schedules/67/line\\" data-toggle=\\"tooltip\\" data-trigger=\\"hover focus\\" data-placement=\\"bottom\\" data-animation={false} data-html={false} data-selector=\\"true\\" data-original-title=\\"Route 67\\" title=\\"Route 67\\">
                        <span className=\\"c-icon__bus-pill--small m-schedule-diagram__connection u-bg--bus\\">
                          67
                        </span>
                      </a>
                    </TooltipWrapper>
                  </div>
                </div>
                <footer className=\\"m-schedule-diagram__footer\\">
                  <button className=\\"btn btn-link\\" type=\\"button\\" onClick={[Function: onClick]}>
                    View schedule
                  </button>
                </footer>
              </section>
            </li>
          </StopCard>
          <StopCard stop={{...}} onClick={[Function: handleStopClick]} liveHeadsigns={[undefined]}>
            <li className=\\"m-schedule-diagram__stop\\" style={{...}}>
              <section className=\\"m-schedule-diagram__content\\">
                <header className=\\"m-schedule-diagram__stop-heading\\">
                  <h4 className=\\"m-schedule-diagram__stop-link\\">
                    <a href=\\"/stops/line-destination\\">
                      <MatchHighlight text=\\"Destination\\" matchQuery={[undefined]}>
                        <span>
                          Destination
                        </span>
                      </MatchHighlight>
                    </a>
                  </h4>
                  <div className=\\"m-schedule-diagram__features\\">
                    <TooltipWrapper tooltipText=\\"Parking\\" tooltipOptions={{...}}>
                      <span href={[undefined]} data-toggle=\\"tooltip\\" data-trigger=\\"hover focus\\" data-placement=\\"bottom\\" data-animation={true} data-html={false} data-selector=\\"true\\" data-original-title=\\"Parking\\" title=\\"Parking\\">
                        <span className=\\"notranslate c-svg__icon-parking-default m-schedule-diagram__feature-icon\\" aria-hidden=\\"false\\" dangerouslySetInnerHTML={{...}} />
                      </span>
                    </TooltipWrapper>
                    <TooltipWrapper tooltipText=\\"Accessible\\" tooltipOptions={{...}}>
                      <span href={[undefined]} data-toggle=\\"tooltip\\" data-trigger=\\"hover focus\\" data-placement=\\"bottom\\" data-animation={true} data-html={false} data-selector=\\"true\\" data-original-title=\\"Accessible\\" title=\\"Accessible\\">
                        <span className=\\"notranslate c-svg__icon-acessible-default m-schedule-diagram__feature-icon\\" aria-hidden=\\"false\\" dangerouslySetInnerHTML={{...}} />
                      </span>
                    </TooltipWrapper>
                  </div>
                </header>
                <div className=\\"m-schedule-diagram__stop-details\\">
                  <div className=\\"m-schedule-diagram__connections\\">
                    <TooltipWrapper href=\\"/schedules/BOAT-A/line\\" tooltipText=\\"Atlantis\\" tooltipOptions={{...}}>
                      <a href=\\"/schedules/BOAT-A/line\\" data-toggle=\\"tooltip\\" data-trigger=\\"hover focus\\" data-placement=\\"bottom\\" data-animation={false} data-html={false} data-selector=\\"true\\" data-original-title=\\"Atlantis\\" title=\\"Atlantis\\">
                        <span className=\\"m-schedule-diagram__connection\\">
                          <span className=\\"notranslate c-svg__icon-bus-small\\" aria-hidden=\\"false\\" dangerouslySetInnerHTML={{...}} />
                        </span>
                      </a>
                    </TooltipWrapper>
                  </div>
                </div>
                <footer className=\\"m-schedule-diagram__footer\\">
                  <button className=\\"btn btn-link\\" type=\\"button\\" onClick={[Function: onClick]}>
                    View schedule
                  </button>
                </footer>
              </section>
            </li>
          </StopCard>
        </ol>
      </StopCardList>
    </div>
  </LineDiagramWithStops>
</Provider>"
`;
