// Jest Snapshot v1, https://goo.gl/fbAQLP

exports[`LineDiagram renders and matches snapshot 1`] = `
"<LineDiagramAndStopListPage lineDiagram={{...}} route={{...}} directionId={1} routePatternsByDirection={{...}} services={{...}} stops={{...}} today=\\"2019-12-05\\" scheduleNote={{...}}>
  <h3 className=\\"m-schedule-diagram__heading\\">
    Stops
  </h3>
  <SearchBox id=\\"stop-search\\" labelText=\\"Search for a stop\\" onChange={[Function: bound dispatchAction]} className=\\"m-schedule-diagram__filter\\">
    <div className=\\"m-schedule-diagram__filter c-form__input-container\\">
      <label htmlFor=\\"stop-search\\" className=\\"sr-only\\">
        Search for a stop
      </label>
      <input className=\\"c-form__input\\" id=\\"stop-search\\" type=\\"text\\" onChange={[Function: onChange]} value=\\"\\" placeholder=\\"Search for a stop\\" />
      <button className=\\"c-form__submit-btn\\" aria-label=\\"search\\" type=\\"button\\" onClick={[Function: onClick]}>
        <span className=\\"notranslate c-svg__icon-search-reverse-default\\" aria-hidden=\\"false\\" dangerouslySetInnerHTML={{...}} />
      </button>
    </div>
  </SearchBox>
  <Provider store={{...}}>
    <LineDiagramWithStops stops={{...}} handleStopClick={[Function]} liveData={{...}}>
      <div className=\\"m-schedule-diagram u-no-crowding-data\\">
        <Diagram lineDiagram={{...}} liveData={{...}}>
          <LiveVehicleIconSet stop={{...}} liveData={{...}} />
          <LiveVehicleIconSet stop={{...}} liveData={{...}}>
            <VehicleIcons stop={{...}} vehicles={{...}}>
              <div className=\\"m-schedule-diagram__vehicle\\" style={{...}}>
                <TooltipWrapper tooltipText=\\"<div class=\\"m-schedule-diagram__vehicle-tooltip\\">tooltip for vehicle 1 at stop 1</div>\\" tooltipOptions={{...}}>
                  <span href={[undefined]} data-toggle=\\"tooltip\\" data-trigger=\\"hover focus\\" data-placement=\\"right\\" data-animation={false} data-html={true} data-selector=\\"true\\" data-original-title=\\"<div class=\\"m-schedule-diagram__vehicle-tooltip\\">tooltip for vehicle 1 at stop 1</div>\\" title=\\"<div class=\\"m-schedule-diagram__vehicle-tooltip\\">tooltip for vehicle 1 at stop 1</div>\\">
                    <span className=\\"notranslate m-schedule-diagram__vehicle--icon\\" aria-hidden=\\"false\\" dangerouslySetInnerHTML={{...}} />
                  </span>
                </TooltipWrapper>
              </div>
              <div className=\\"m-schedule-diagram__vehicle\\" style={{...}}>
                <TooltipWrapper tooltipText=\\"<div class=\\"m-schedule-diagram__vehicle-tooltip\\">tooltip for vehicle 2 at stop 1</div>\\" tooltipOptions={{...}}>
                  <span href={[undefined]} data-toggle=\\"tooltip\\" data-trigger=\\"hover focus\\" data-placement=\\"right\\" data-animation={false} data-html={true} data-selector=\\"true\\" data-original-title=\\"<div class=\\"m-schedule-diagram__vehicle-tooltip\\">tooltip for vehicle 2 at stop 1</div>\\" title=\\"<div class=\\"m-schedule-diagram__vehicle-tooltip\\">tooltip for vehicle 2 at stop 1</div>\\">
                    <span className=\\"notranslate m-schedule-diagram__vehicle--icon\\" aria-hidden=\\"false\\" dangerouslySetInnerHTML={{...}} />
                  </span>
                </TooltipWrapper>
              </div>
            </VehicleIcons>
          </LiveVehicleIconSet>
          <LiveVehicleIconSet stop={{...}} liveData={{...}}>
            <VehicleIcons stop={{...}} vehicles={{...}}>
              <div className=\\"m-schedule-diagram__vehicle\\" style={{...}}>
                <TooltipWrapper tooltipText=\\"<div class=\\"m-schedule-diagram__vehicle-tooltip\\">tooltip for vehicle 3 at stop 2</div>\\" tooltipOptions={{...}}>
                  <span href={[undefined]} data-toggle=\\"tooltip\\" data-trigger=\\"hover focus\\" data-placement=\\"right\\" data-animation={false} data-html={true} data-selector=\\"true\\" data-original-title=\\"<div class=\\"m-schedule-diagram__vehicle-tooltip\\">tooltip for vehicle 3 at stop 2</div>\\" title=\\"<div class=\\"m-schedule-diagram__vehicle-tooltip\\">tooltip for vehicle 3 at stop 2</div>\\">
                    <span className=\\"notranslate m-schedule-diagram__vehicle--icon\\" aria-hidden=\\"false\\" dangerouslySetInnerHTML={{...}} />
                  </span>
                </TooltipWrapper>
              </div>
            </VehicleIcons>
          </LiveVehicleIconSet>
          <LiveVehicleIconSet stop={{...}} liveData={{...}} />
          <svg xmlns=\\"http://www.w3.org/2000/svg\\" role=\\"img\\" aria-labelledby=\\"diagram-title diagram-desc\\" className=\\"line-diagram-svg bus\\" width=\\"40px\\" height=\\"100%\\" style={{...}}>
            <title id=\\"diagram-title\\">
              Line diagram for
               
              route 1
            </title>
            <desc id=\\"diagram-desc\\">
              4 stops going Outbound to Begin
            </desc>
            <defs>
              <pattern id=\\"diagonalHatch\\" width=\\"10\\" height=\\"10\\" patternTransform=\\"rotate(45 0 0)\\" patternUnits=\\"userSpaceOnUse\\">
                <line className=\\"line-diagram-svg__line\\" y2={8} strokeWidth=\\"16px\\" />
              </pattern>
            </defs>
            <Line from={{...}} to={{...}}>
              <line className=\\"line-diagram-svg__line\\" strokeWidth=\\"10px\\" x1=\\"11px\\" x2=\\"11px\\" y1=\\"0px\\" y2=\\"0px\\" stroke=\\"url(#diagonalHatch)\\" />
            </Line>
            <Line from={{...}} to={{...}}>
              <line className=\\"line-diagram-svg__line\\" strokeWidth=\\"10px\\" x1=\\"11px\\" x2=\\"11px\\" y1=\\"0px\\" y2=\\"0px\\" />
            </Line>
            <Line from={{...}} to={{...}}>
              <line className=\\"line-diagram-svg__line\\" strokeWidth=\\"10px\\" x1=\\"11px\\" x2=\\"11px\\" y1=\\"0px\\" y2=\\"0px\\" />
            </Line>
            <Stop stop={{...}}>
              <circle className=\\"line-diagram-svg__stop\\" r=\\"4px\\" cx=\\"11px\\" cy=\\"0px\\" />
            </Stop>
            <Stop stop={{...}}>
              <circle className=\\"line-diagram-svg__stop\\" r=\\"4px\\" cx=\\"11px\\" cy=\\"0px\\" />
            </Stop>
            <Stop stop={{...}}>
              <circle className=\\"line-diagram-svg__stop\\" r=\\"4px\\" cx=\\"11px\\" cy=\\"0px\\" />
            </Stop>
            <Stop stop={{...}}>
              <circle className=\\"line-diagram-svg__stop\\" r=\\"4px\\" cx=\\"11px\\" cy=\\"0px\\" />
            </Stop>
          </svg>
        </Diagram>
        <ol>
          <StopCard stop={{...}} onClick={[Function]} liveData={[undefined]}>
            <li className=\\"m-schedule-diagram__stop\\" style={{...}}>
              <section className=\\"m-schedule-diagram__content\\">
                <header className=\\"m-schedule-diagram__stop-heading\\">
                  <h4 className=\\"m-schedule-diagram__stop-link\\">
                    <a href=\\"/stops/line-origin\\">
                      <MatchHighlight text=\\"Origin\\" matchQuery={[undefined]}>
                        <span>
                          Origin
                        </span>
                      </MatchHighlight>
                    </a>
                  </h4>
                  <div className=\\"m-schedule-diagram__features\\">
                    <TooltipWrapper tooltipText=\\"Parking\\" tooltipOptions={{...}}>
                      <span href={[undefined]} data-toggle=\\"tooltip\\" data-trigger=\\"hover focus\\" data-placement=\\"bottom\\" data-animation={true} data-html={false} data-selector=\\"true\\" data-original-title=\\"Parking\\" title=\\"Parking\\">
                        <span className=\\"notranslate c-svg__icon-parking-default m-schedule-diagram__feature-icon\\" aria-hidden=\\"false\\" dangerouslySetInnerHTML={{...}} />
                      </span>
                    </TooltipWrapper>
                  </div>
                </header>
                <div className=\\"m-schedule-diagram__stop-details\\">
                  <div className=\\"m-schedule-diagram__connections\\" />
                  <div className=\\"m-schedule-diagram__alert\\">
                    Detour
                  </div>
                </div>
                <footer className=\\"m-schedule-diagram__footer\\">
                  <button className=\\"btn btn-link\\" type=\\"button\\" onClick={[Function: onClick]}>
                    View schedule
                  </button>
                </footer>
              </section>
            </li>
          </StopCard>
          <StopCard stop={{...}} onClick={[Function]} liveData={{...}}>
            <li className=\\"m-schedule-diagram__stop\\" style={{...}}>
              <section className=\\"m-schedule-diagram__content\\">
                <header className=\\"m-schedule-diagram__stop-heading\\">
                  <h4 className=\\"m-schedule-diagram__stop-link\\">
                    <a href=\\"/stops/line-stop1\\">
                      <span className=\\"notranslate c-svg__icon-alerts-triangle\\" aria-hidden=\\"false\\" dangerouslySetInnerHTML={{...}} />
                      <span className=\\"sr-only\\">
                        Service alert or delay
                      </span>
                      Â 
                      <MatchHighlight text=\\"Stop 1\\" matchQuery={[undefined]}>
                        <span>
                          Stop 1
                        </span>
                      </MatchHighlight>
                    </a>
                  </h4>
                  <div className=\\"m-schedule-diagram__features\\" />
                </header>
                <div className=\\"m-schedule-diagram__stop-details\\">
                  <div className=\\"m-schedule-diagram__connections\\">
                    <TooltipWrapper href=\\"/schedules/Orange/line\\" tooltipText=\\"Orange Line\\" tooltipOptions={{...}}>
                      <a href=\\"/schedules/Orange/line\\" data-toggle=\\"tooltip\\" data-trigger=\\"hover focus\\" data-placement=\\"bottom\\" data-animation={false} data-html={false} data-selector=\\"true\\" data-original-title=\\"Orange Line\\" title=\\"Orange Line\\">
                        <span className=\\"m-schedule-diagram__connection\\">
                          <span className=\\"notranslate c-svg__icon\\" aria-hidden=\\"false\\" dangerouslySetInnerHTML={{...}} />
                        </span>
                      </a>
                    </TooltipWrapper>
                    <TooltipWrapper href=\\"/schedules/Green-C/line\\" tooltipText=\\"Green Line C\\" tooltipOptions={{...}}>
                      <a href=\\"/schedules/Green-C/line\\" data-toggle=\\"tooltip\\" data-trigger=\\"hover focus\\" data-placement=\\"bottom\\" data-animation={false} data-html={false} data-selector=\\"true\\" data-original-title=\\"Green Line C\\" title=\\"Green Line C\\">
                        <span className=\\"m-schedule-diagram__connection\\">
                          <span className=\\"notranslate c-svg__icon\\" aria-hidden=\\"false\\" dangerouslySetInnerHTML={{...}} />
                        </span>
                      </a>
                    </TooltipWrapper>
                  </div>
                  <StopPredictions headsigns={{...}} isCommuterRail={false}>
                    <div className=\\"m-schedule-diagram__predictions\\">
                      <div className=\\"m-schedule-diagram__prediction\\">
                        <div>
                          Dest1
                        </div>
                        <div className=\\"m-schedule-diagram__prediction-time\\">
                          2   min
                        </div>
                        <LiveCrowdingIcon crowding={{...}}>
                          <div className=\\"m-schedule-diagram__prediction-crowding\\">
                            <span className=\\"notranslate c-svg__icon c-icon__crowding c-icon__crowding--crowding_unavailable\\" aria-hidden=\\"true\\" dangerouslySetInnerHTML={{...}} />
                          </div>
                        </LiveCrowdingIcon>
                      </div>
                      <div className=\\"m-schedule-diagram__prediction\\">
                        <div>
                          Dest2
                        </div>
                        <div className=\\"m-schedule-diagram__prediction-time\\">
                          5   min
                        </div>
                        <LiveCrowdingIcon crowding={{...}}>
                          <div className=\\"m-schedule-diagram__prediction-crowding\\">
                            <span className=\\"notranslate c-svg__icon c-icon__crowding c-icon__crowding--crowding_unavailable\\" aria-hidden=\\"true\\" dangerouslySetInnerHTML={{...}} />
                          </div>
                        </LiveCrowdingIcon>
                      </div>
                    </div>
                  </StopPredictions>
                </div>
                <footer className=\\"m-schedule-diagram__footer\\">
                  <button className=\\"btn btn-link\\" type=\\"button\\" onClick={[Function: onClick]}>
                    View schedule
                  </button>
                </footer>
              </section>
            </li>
          </StopCard>
          <StopCard stop={{...}} onClick={[Function]} liveData={{...}}>
            <li className=\\"m-schedule-diagram__stop\\" style={{...}}>
              <section className=\\"m-schedule-diagram__content\\">
                <header className=\\"m-schedule-diagram__stop-heading\\">
                  <h4 className=\\"m-schedule-diagram__stop-link\\">
                    <a href=\\"/stops/line-stop2\\">
                      <span className=\\"notranslate c-svg__icon-alerts-triangle\\" aria-hidden=\\"false\\" dangerouslySetInnerHTML={{...}} />
                      <span className=\\"sr-only\\">
                        Service alert or delay
                      </span>
                      Â 
                      <MatchHighlight text=\\"Stop 2\\" matchQuery={[undefined]}>
                        <span>
                          Stop 2
                        </span>
                      </MatchHighlight>
                    </a>
                  </h4>
                  <div className=\\"m-schedule-diagram__features\\">
                    <TooltipWrapper tooltipText=\\"Accessible\\" tooltipOptions={{...}}>
                      <span href={[undefined]} data-toggle=\\"tooltip\\" data-trigger=\\"hover focus\\" data-placement=\\"bottom\\" data-animation={true} data-html={false} data-selector=\\"true\\" data-original-title=\\"Accessible\\" title=\\"Accessible\\">
                        <span className=\\"notranslate c-svg__icon-acessible-default m-schedule-diagram__feature-icon\\" aria-hidden=\\"false\\" dangerouslySetInnerHTML={{...}} />
                      </span>
                    </TooltipWrapper>
                  </div>
                </header>
                <div className=\\"m-schedule-diagram__stop-details\\">
                  <div className=\\"m-schedule-diagram__connections\\">
                    <TooltipWrapper href=\\"/schedules/62/line\\" tooltipText=\\"Route 62\\" tooltipOptions={{...}}>
                      <a href=\\"/schedules/62/line\\" data-toggle=\\"tooltip\\" data-trigger=\\"hover focus\\" data-placement=\\"bottom\\" data-animation={false} data-html={false} data-selector=\\"true\\" data-original-title=\\"Route 62\\" title=\\"Route 62\\">
                        <span className=\\"c-icon__bus-pill--small m-schedule-diagram__connection u-bg--bus\\">
                          62
                        </span>
                      </a>
                    </TooltipWrapper>
                    <TooltipWrapper href=\\"/schedules/67/line\\" tooltipText=\\"Route 67\\" tooltipOptions={{...}}>
                      <a href=\\"/schedules/67/line\\" data-toggle=\\"tooltip\\" data-trigger=\\"hover focus\\" data-placement=\\"bottom\\" data-animation={false} data-html={false} data-selector=\\"true\\" data-original-title=\\"Route 67\\" title=\\"Route 67\\">
                        <span className=\\"c-icon__bus-pill--small m-schedule-diagram__connection u-bg--bus\\">
                          67
                        </span>
                      </a>
                    </TooltipWrapper>
                  </div>
                  <StopPredictions headsigns={{...}} isCommuterRail={false}>
                    <div className=\\"m-schedule-diagram__predictions\\">
                      <div className=\\"m-schedule-diagram__prediction\\">
                        <div>
                          Dest2
                        </div>
                        <div className=\\"m-schedule-diagram__prediction-time\\">
                          7   min
                        </div>
                        <LiveCrowdingIcon crowding={{...}}>
                          <div className=\\"m-schedule-diagram__prediction-crowding\\">
                            <span className=\\"notranslate c-svg__icon c-icon__crowding c-icon__crowding--crowding_unavailable\\" aria-hidden=\\"true\\" dangerouslySetInnerHTML={{...}} />
                          </div>
                        </LiveCrowdingIcon>
                      </div>
                    </div>
                  </StopPredictions>
                </div>
                <footer className=\\"m-schedule-diagram__footer\\">
                  <button className=\\"btn btn-link\\" type=\\"button\\" onClick={[Function: onClick]}>
                    View schedule
                  </button>
                </footer>
              </section>
            </li>
          </StopCard>
          <StopCard stop={{...}} onClick={[Function]} liveData={[undefined]}>
            <li className=\\"m-schedule-diagram__stop\\" style={{...}}>
              <section className=\\"m-schedule-diagram__content\\">
                <header className=\\"m-schedule-diagram__stop-heading\\">
                  <h4 className=\\"m-schedule-diagram__stop-link\\">
                    <a href=\\"/stops/line-destination\\">
                      <MatchHighlight text=\\"Destination\\" matchQuery={[undefined]}>
                        <span>
                          Destination
                        </span>
                      </MatchHighlight>
                    </a>
                  </h4>
                  <div className=\\"m-schedule-diagram__features\\">
                    <TooltipWrapper tooltipText=\\"Parking\\" tooltipOptions={{...}}>
                      <span href={[undefined]} data-toggle=\\"tooltip\\" data-trigger=\\"hover focus\\" data-placement=\\"bottom\\" data-animation={true} data-html={false} data-selector=\\"true\\" data-original-title=\\"Parking\\" title=\\"Parking\\">
                        <span className=\\"notranslate c-svg__icon-parking-default m-schedule-diagram__feature-icon\\" aria-hidden=\\"false\\" dangerouslySetInnerHTML={{...}} />
                      </span>
                    </TooltipWrapper>
                    <TooltipWrapper tooltipText=\\"Accessible\\" tooltipOptions={{...}}>
                      <span href={[undefined]} data-toggle=\\"tooltip\\" data-trigger=\\"hover focus\\" data-placement=\\"bottom\\" data-animation={true} data-html={false} data-selector=\\"true\\" data-original-title=\\"Accessible\\" title=\\"Accessible\\">
                        <span className=\\"notranslate c-svg__icon-acessible-default m-schedule-diagram__feature-icon\\" aria-hidden=\\"false\\" dangerouslySetInnerHTML={{...}} />
                      </span>
                    </TooltipWrapper>
                  </div>
                </header>
                <div className=\\"m-schedule-diagram__stop-details\\">
                  <div className=\\"m-schedule-diagram__connections\\">
                    <TooltipWrapper href=\\"/schedules/BOAT-A/line\\" tooltipText=\\"Atlantis\\" tooltipOptions={{...}}>
                      <a href=\\"/schedules/BOAT-A/line\\" data-toggle=\\"tooltip\\" data-trigger=\\"hover focus\\" data-placement=\\"bottom\\" data-animation={false} data-html={false} data-selector=\\"true\\" data-original-title=\\"Atlantis\\" title=\\"Atlantis\\">
                        <span className=\\"m-schedule-diagram__connection\\">
                          <span className=\\"notranslate c-svg__icon-bus-small\\" aria-hidden=\\"false\\" dangerouslySetInnerHTML={{...}} />
                        </span>
                      </a>
                    </TooltipWrapper>
                  </div>
                </div>
                <footer className=\\"m-schedule-diagram__footer\\">
                  <button className=\\"btn btn-link\\" type=\\"button\\" onClick={[Function: onClick]}>
                    View schedule
                  </button>
                </footer>
              </section>
            </li>
          </StopCard>
        </ol>
      </div>
    </LineDiagramWithStops>
  </Provider>
</LineDiagramAndStopListPage>"
`;
