// Jest Snapshot v1, https://goo.gl/fbAQLP

exports[`StopListWithBranches renders and matches snapshot 1`] = `
"<Provider store={{...}}>
  <StopListWithBranches stops={{...}} handleStopClick={[Function: handleStopClick]} liveData={{...}}>
    <StopCard stop={{...}} onClick={[Function: handleStopClick]} liveHeadsigns={[undefined]}>
      <li className=\\"m-schedule-diagram__stop\\" style={{...}}>
        <section className=\\"m-schedule-diagram__content\\">
          <div className=\\"u-bold u-small-caps\\">
            Destination Line
          </div>
          <header className=\\"m-schedule-diagram__stop-heading\\">
            <h4 className=\\"m-schedule-diagram__stop-link\\">
              <a href=\\"/stops/tree-destination\\">
                <MatchHighlight text=\\"Destination\\" matchQuery={[undefined]}>
                  <span>
                    Destination
                  </span>
                </MatchHighlight>
              </a>
            </h4>
            <div className=\\"m-schedule-diagram__features\\" />
          </header>
          <div className=\\"m-schedule-diagram__stop-details\\">
            <div className=\\"m-schedule-diagram__connections\\" />
          </div>
          <footer className=\\"m-schedule-diagram__footer\\">
            <button className=\\"btn btn-link\\" type=\\"button\\" onClick={[Function: onClick]}>
              View schedule
            </button>
          </footer>
        </section>
      </li>
    </StopCard>
    <StopCard stop={{...}} onClick={[Function: handleStopClick]} liveHeadsigns={[undefined]}>
      <li className=\\"m-schedule-diagram__stop\\" style={{...}}>
        <section className=\\"m-schedule-diagram__content\\">
          <header className=\\"m-schedule-diagram__stop-heading\\">
            <h4 className=\\"m-schedule-diagram__stop-link\\">
              <a href=\\"/stops/tree-stopC\\">
                <MatchHighlight text=\\"Stop C\\" matchQuery={[undefined]}>
                  <span>
                    Stop C
                  </span>
                </MatchHighlight>
              </a>
            </h4>
            <div className=\\"m-schedule-diagram__features\\" />
          </header>
          <div className=\\"m-schedule-diagram__stop-details\\">
            <div className=\\"m-schedule-diagram__connections\\" />
          </div>
          <footer className=\\"m-schedule-diagram__footer\\">
            <button className=\\"btn btn-link\\" type=\\"button\\" onClick={[Function: onClick]}>
              View schedule
            </button>
          </footer>
        </section>
      </li>
    </StopCard>
    <StopCard stop={{...}} onClick={[Function: handleStopClick]} liveHeadsigns={[undefined]}>
      <li className=\\"m-schedule-diagram__stop\\" style={{...}}>
        <section className=\\"m-schedule-diagram__content\\">
          <header className=\\"m-schedule-diagram__stop-heading\\">
            <h4 className=\\"m-schedule-diagram__stop-link\\">
              <a href=\\"/stops/tree-stopB\\">
                <MatchHighlight text=\\"Stop B\\" matchQuery={[undefined]}>
                  <span>
                    Stop B
                  </span>
                </MatchHighlight>
              </a>
            </h4>
            <div className=\\"m-schedule-diagram__features\\" />
          </header>
          <div className=\\"m-schedule-diagram__stop-details\\">
            <div className=\\"m-schedule-diagram__connections\\" />
          </div>
          <footer className=\\"m-schedule-diagram__footer\\">
            <button className=\\"btn btn-link\\" type=\\"button\\" onClick={[Function: onClick]}>
              View schedule
            </button>
          </footer>
        </section>
      </li>
    </StopCard>
    <StopCard stop={{...}} onClick={[Function: handleStopClick]} liveHeadsigns={[undefined]}>
      <li className=\\"m-schedule-diagram__stop\\" style={{...}}>
        <section className=\\"m-schedule-diagram__content\\">
          <header className=\\"m-schedule-diagram__stop-heading\\">
            <h4 className=\\"m-schedule-diagram__stop-link\\">
              <a href=\\"/stops/tree-stopA\\">
                <MatchHighlight text=\\"Stop A\\" matchQuery={[undefined]}>
                  <span>
                    Stop A
                  </span>
                </MatchHighlight>
              </a>
            </h4>
            <div className=\\"m-schedule-diagram__features\\" />
          </header>
          <div className=\\"m-schedule-diagram__stop-details\\">
            <div className=\\"m-schedule-diagram__connections\\" />
          </div>
          <footer className=\\"m-schedule-diagram__footer\\">
            <button className=\\"btn btn-link\\" type=\\"button\\" onClick={[Function: onClick]}>
              View schedule
            </button>
          </footer>
        </section>
      </li>
    </StopCard>
    <StopCard stop={{...}} onClick={[Function: handleStopClick]} liveHeadsigns={[undefined]}>
      <li className=\\"m-schedule-diagram__stop\\" style={{...}}>
        <section className=\\"m-schedule-diagram__content\\">
          <div className=\\"u-bold u-small-caps\\">
            Twig Destination Line
          </div>
          <header className=\\"m-schedule-diagram__stop-heading\\">
            <h4 className=\\"m-schedule-diagram__stop-link\\">
              <a href=\\"/stops/tree-twig-destination\\">
                <MatchHighlight text=\\"Twig Destination\\" matchQuery={[undefined]}>
                  <span>
                    Twig Destination
                  </span>
                </MatchHighlight>
              </a>
            </h4>
            <div className=\\"m-schedule-diagram__features\\" />
          </header>
          <div className=\\"m-schedule-diagram__stop-details\\">
            <div className=\\"m-schedule-diagram__connections\\" />
          </div>
          <footer className=\\"m-schedule-diagram__footer\\">
            <button className=\\"btn btn-link\\" type=\\"button\\" onClick={[Function: onClick]}>
              View schedule
            </button>
          </footer>
        </section>
      </li>
    </StopCard>
    <Branch stops={{...}} handleStopClick={[Function: handleStopClick]} liveData={{...}}>
      <li>
        <ol>
          <StopCard stop={{...}} onClick={[Function: handleStopClick]} liveHeadsigns={[undefined]}>
            <li className=\\"m-schedule-diagram__stop\\" style={{...}}>
              <section className=\\"m-schedule-diagram__content\\">
                <header className=\\"m-schedule-diagram__stop-heading\\">
                  <h4 className=\\"m-schedule-diagram__stop-link\\">
                    <a href=\\"/stops/tree-twig-stop\\">
                      <MatchHighlight text=\\"Twig Stop\\" matchQuery={[undefined]}>
                        <span>
                          Twig Stop
                        </span>
                      </MatchHighlight>
                    </a>
                  </h4>
                  <div className=\\"m-schedule-diagram__features\\" />
                </header>
                <div className=\\"m-schedule-diagram__stop-details\\">
                  <div className=\\"m-schedule-diagram__connections\\" />
                </div>
                <footer className=\\"m-schedule-diagram__footer\\">
                  <button className=\\"btn btn-link\\" type=\\"button\\" onClick={[Function: onClick]}>
                    View schedule
                  </button>
                </footer>
              </section>
            </li>
          </StopCard>
        </ol>
      </li>
    </Branch>
    <StopCard stop={{...}} onClick={[Function: handleStopClick]} liveHeadsigns={[undefined]}>
      <li className=\\"m-schedule-diagram__stop\\" style={{...}}>
        <section className=\\"m-schedule-diagram__content\\">
          <div className=\\"u-bold u-small-caps\\">
            Branch Destination Line
          </div>
          <header className=\\"m-schedule-diagram__stop-heading\\">
            <h4 className=\\"m-schedule-diagram__stop-link\\">
              <a href=\\"/stops/tree-branch-destination\\">
                <MatchHighlight text=\\"Branch Destination\\" matchQuery={[undefined]}>
                  <span>
                    Branch Destination
                  </span>
                </MatchHighlight>
              </a>
            </h4>
            <div className=\\"m-schedule-diagram__features\\" />
          </header>
          <div className=\\"m-schedule-diagram__stop-details\\">
            <div className=\\"m-schedule-diagram__connections\\" />
          </div>
          <footer className=\\"m-schedule-diagram__footer\\">
            <button className=\\"btn btn-link\\" type=\\"button\\" onClick={[Function: onClick]}>
              View schedule
            </button>
          </footer>
        </section>
      </li>
    </StopCard>
    <Branch stops={{...}} handleStopClick={[Function: handleStopClick]} liveData={{...}}>
      <li>
        <ExpandableBranch stops={{...}} handleStopClick={[Function: handleStopClick]} liveData={{...}}>
          <div className=\\"m-schedule-diagram__expander\\">
            <ExpandableBlock header={{...}} initiallyExpanded={false} notifyExpanded={[Function: notifyExpanded]} preventScroll={true} id=\\"TreeBranch\\">
              <h3 className=\\"c-expandable-block__header\\" tabIndex={0} id=\\"header-TreeBranch\\" aria-expanded={false} aria-controls=\\"panel-TreeBranch\\" role=\\"button\\" onClick={[Function: onClick]} onKeyPress={[Function: onKeyPress]}>
                <div className=\\"c-expandable-block__header-text\\">
                  <div className=\\"m-schedule-diagram__expander-header\\">
                    <div style={{...}}>
                      <svg className=\\"line-diagram-svg__toggle commuter-rail\\" width={54} height=\\"100%\\">
                        <g transform=\\"translate(31, 1)\\">
                          <rect width={16} height=\\"42\\" rx={8} />
                          <circle cx={8} cy={11} r={4} />
                          <circle cx={8} cy={21} r={4} />
                          <circle cx={8} cy={31} r={4} />
                        </g>
                      </svg>
                    </div>
                    <button className=\\"btn btn-link m-schedule-diagram__toggle\\" type=\\"button\\">
                      3
                       stops
                    </button>
                  </div>
                  <span className=\\"c-expandable-block__header-caret\\" dangerouslySetInnerHTML={{...}} />
                </div>
              </h3>
              <noscript>
                <style />
                <h3 className=\\"c-expandable-block__header\\" />
                <div className=\\"c-expandable-block__panel\\" role=\\"region\\" />
              </noscript>
            </ExpandableBlock>
          </div>
        </ExpandableBranch>
      </li>
    </Branch>
    <StopCard stop={{...}} onClick={[Function: handleStopClick]} liveHeadsigns={[undefined]}>
      <li className=\\"m-schedule-diagram__stop\\" style={{...}}>
        <section className=\\"m-schedule-diagram__content\\">
          <header className=\\"m-schedule-diagram__stop-heading\\">
            <h4 className=\\"m-schedule-diagram__stop-link\\">
              <a href=\\"/stops/tree-stop1\\">
                <MatchHighlight text=\\"Stop 1\\" matchQuery={[undefined]}>
                  <span>
                    Stop 1
                  </span>
                </MatchHighlight>
              </a>
            </h4>
            <div className=\\"m-schedule-diagram__features\\" />
          </header>
          <div className=\\"m-schedule-diagram__stop-details\\">
            <div className=\\"m-schedule-diagram__connections\\" />
          </div>
          <footer className=\\"m-schedule-diagram__footer\\">
            <button className=\\"btn btn-link\\" type=\\"button\\" onClick={[Function: onClick]}>
              View schedule
            </button>
          </footer>
        </section>
      </li>
    </StopCard>
    <StopCard stop={{...}} onClick={[Function: handleStopClick]} liveHeadsigns={[undefined]}>
      <li className=\\"m-schedule-diagram__stop\\" style={{...}}>
        <section className=\\"m-schedule-diagram__content\\">
          <header className=\\"m-schedule-diagram__stop-heading\\">
            <h4 className=\\"m-schedule-diagram__stop-link\\">
              <a href=\\"/stops/tree-stop0\\">
                <MatchHighlight text=\\"Stop 0\\" matchQuery={[undefined]}>
                  <span>
                    Stop 0
                  </span>
                </MatchHighlight>
              </a>
            </h4>
            <div className=\\"m-schedule-diagram__features\\" />
          </header>
          <div className=\\"m-schedule-diagram__stop-details\\">
            <div className=\\"m-schedule-diagram__connections\\" />
          </div>
          <footer className=\\"m-schedule-diagram__footer\\">
            <button className=\\"btn btn-link\\" type=\\"button\\" onClick={[Function: onClick]}>
              View schedule
            </button>
          </footer>
        </section>
      </li>
    </StopCard>
    <StopCard stop={{...}} onClick={[Function: handleStopClick]} liveHeadsigns={[undefined]}>
      <li className=\\"m-schedule-diagram__stop\\" style={{...}}>
        <section className=\\"m-schedule-diagram__content\\">
          <header className=\\"m-schedule-diagram__stop-heading\\">
            <h4 className=\\"m-schedule-diagram__stop-link\\">
              <a href=\\"/stops/tree-origin\\">
                <MatchHighlight text=\\"Origin\\" matchQuery={[undefined]}>
                  <span>
                    Origin
                  </span>
                </MatchHighlight>
              </a>
            </h4>
            <div className=\\"m-schedule-diagram__features\\" />
          </header>
          <div className=\\"m-schedule-diagram__stop-details\\">
            <div className=\\"m-schedule-diagram__connections\\" />
          </div>
          <footer className=\\"m-schedule-diagram__footer\\">
            <button className=\\"btn btn-link\\" type=\\"button\\" onClick={[Function: onClick]}>
              View schedule
            </button>
          </footer>
        </section>
      </li>
    </StopCard>
  </StopListWithBranches>
</Provider>"
`;
