// Jest Snapshot v1, https://goo.gl/fbAQLP

exports[`VehicleIcons with vehicles renders and matches snapshot 1`] = `
"<Provider store={{...}}>
  <VehicleIcons stop={{...}} vehicles={{...}}>
    <div className=\\"m-schedule-diagram__vehicle\\" style={{...}}>
      <TooltipWrapper tooltipText=\\"<div class=\\"m-schedule-diagram__vehicle-tooltip\\">vehicle 1 tooltip text</div>\\" tooltipOptions={{...}}>
        <span href={[undefined]} data-toggle=\\"tooltip\\" data-trigger=\\"hover focus\\" data-placement=\\"right\\" data-animation={false} data-html={true} data-selector=\\"true\\" data-original-title=\\"<div class=\\"m-schedule-diagram__vehicle-tooltip\\">vehicle 1 tooltip text</div>\\" title=\\"<div class=\\"m-schedule-diagram__vehicle-tooltip\\">vehicle 1 tooltip text</div>\\">
          <span className=\\"notranslate m-schedule-diagram__vehicle--icon\\" aria-hidden=\\"false\\" dangerouslySetInnerHTML={{...}} />
        </span>
      </TooltipWrapper>
    </div>
    <div className=\\"m-schedule-diagram__vehicle\\" style={{...}}>
      <TooltipWrapper tooltipText=\\"<div class=\\"m-schedule-diagram__vehicle-tooltip\\">vehicle 2 tooltip text</div>\\" tooltipOptions={{...}}>
        <span href={[undefined]} data-toggle=\\"tooltip\\" data-trigger=\\"hover focus\\" data-placement=\\"right\\" data-animation={false} data-html={true} data-selector=\\"true\\" data-original-title=\\"<div class=\\"m-schedule-diagram__vehicle-tooltip\\">vehicle 2 tooltip text</div>\\" title=\\"<div class=\\"m-schedule-diagram__vehicle-tooltip\\">vehicle 2 tooltip text</div>\\">
          <span className=\\"notranslate m-schedule-diagram__vehicle--icon\\" aria-hidden=\\"false\\" dangerouslySetInnerHTML={{...}} />
        </span>
      </TooltipWrapper>
    </div>
    <div className=\\"m-schedule-diagram__vehicle\\" style={{...}}>
      <TooltipWrapper tooltipText=\\"<div class=\\"m-schedule-diagram__vehicle-tooltip\\">vehicle 3 tooltip text</div>\\" tooltipOptions={{...}}>
        <span href={[undefined]} data-toggle=\\"tooltip\\" data-trigger=\\"hover focus\\" data-placement=\\"right\\" data-animation={false} data-html={true} data-selector=\\"true\\" data-original-title=\\"<div class=\\"m-schedule-diagram__vehicle-tooltip\\">vehicle 3 tooltip text</div>\\" title=\\"<div class=\\"m-schedule-diagram__vehicle-tooltip\\">vehicle 3 tooltip text</div>\\">
          <span className=\\"notranslate m-schedule-diagram__vehicle--icon\\" aria-hidden=\\"false\\" dangerouslySetInnerHTML={{...}} />
        </span>
      </TooltipWrapper>
    </div>
  </VehicleIcons>
</Provider>"
`;
