// Jest Snapshot v1, https://goo.gl/fbAQLP

exports[`ScheduleFinderModal matches snapshot in origin mode 1`] = `
"<Component closeModal={[Function: closeModal]} initialMode=\\"origin\\" route={{...}} routePatternsByDirection={{...}} scheduleNote={{...}} services={{...}} stops={{...}} today=\\"2019-12-05\\" updateURL={[Function: updateURL]} initialDirection={0} initialOrigin={{...}} handleOriginSelectClick={[Function: handleOriginSelectClick]}>
  <WrappedModal focusElementId=\\"stop-search-filter\\" ariaLabel={{...}} className=\\"schedule-finder__origin-modal\\" closeModal={[Function: closeModal]}>
    <Modal focusElementId=\\"stop-search-filter\\" ariaLabel={{...}} className=\\"schedule-finder__origin-modal\\" closeModal={[Function: closeModal]} priorPadding=\\"0px\\" paddingRight={0}>
      <ModalContent bodyPadding=\\"0px\\" scrollBarPadding={0} closeText=\\"Close\\" role=\\"dialog\\" ariaLabel={{...}} focusElementId=\\"stop-search-filter\\" className=\\"schedule-finder__origin-modal\\" closeModal={[Function: closeModal]}>
        <Portal containerInfo={{...}}>
          <aside aria-modal={true} aria-label=\\"Choose Origin Stop\\" role=\\"dialog\\" id=\\"modal-cover\\" className=\\"c-modal__cover\\" tabIndex={-1} onKeyDown={[Function: onKeyDown]} onClick={[Function: onClick]}>
            <div className=\\"c-modal schedule-finder__origin-modal\\">
              <button id=\\"modal-close\\" className=\\"btn btn-secondary c-modal__close\\" onClick={[Function: onClick]} type=\\"button\\">
                Close
              </button>
              <div className=\\"c-modal__content\\">
                <StopModalContent handleChangeStop={[Function: handleChangeOrigin]} selectedStop={{...}} stops={{...}} searchLabel=\\"Choose an origin stop\\" disabledStop=\\"741\\">
                  <div className=\\"stop-search\\">
                    <h3>
                      Choose an origin stop
                    </h3>
                    <SearchBox id=\\"stop-search-filter\\" labelText=\\"Choose an origin stop\\" className=\\"stop-search__searchbox\\" placeholder=\\"Filter stops and stations\\" onChange={[Function: bound dispatchAction]}>
                      <div className=\\"stop-search__searchbox c-form__input-container\\">
                        <label htmlFor=\\"stop-search-filter\\" className=\\"sr-only\\">
                          Choose an origin stop
                        </label>
                        <input className=\\"c-form__input\\" id=\\"stop-search-filter\\" type=\\"text\\" onChange={[Function: onChange]} value=\\"\\" placeholder=\\"Filter stops and stations\\" />
                        <button className=\\"c-form__submit-btn\\" aria-label=\\"search\\" type=\\"button\\" onClick={[Function: onClick]}>
                          <span className=\\"notranslate c-svg__icon-search-reverse-default\\" aria-hidden=\\"false\\" dangerouslySetInnerHTML={{...}} />
                        </button>
                      </div>
                    </SearchBox>
                    <p>
                      Select from the list below.
                    </p>
                    <div className=\\"stop-search__stops-list\\">
                      <StopSearchListItem stop={{...}} changeStop={[Function: handleChangeOrigin]} isSelected={false} isDisabled={true}>
                        <div tabIndex={0} role=\\"button\\" className=\\"stop-search__stop u-bold  disabled\\" onClick={[Function: onClick]} onKeyUp={[Function: onKeyUp]}>
                          Wellington
                           
                        </div>
                      </StopSearchListItem>
                      <StopSearchListItem stop={{...}} changeStop={[Function: handleChangeOrigin]} isSelected={false} isDisabled={false}>
                        <div tabIndex={0} role=\\"button\\" className=\\"stop-search__stop u-bold  \\" onClick={[Function: onClick]} onKeyUp={[Function: onKeyUp]}>
                          Abc
                           
                        </div>
                      </StopSearchListItem>
                      <StopSearchListItem stop={{...}} changeStop={[Function: handleChangeOrigin]} isSelected={false} isDisabled={true}>
                        <div tabIndex={0} role=\\"button\\" className=\\"stop-search__stop u-bold  disabled\\" onClick={[Function: onClick]} onKeyUp={[Function: onKeyUp]}>
                          SL
                           
                          <span className=\\"schedule-finder__zone\\">
                            Zone 
                            1
                          </span>
                        </div>
                      </StopSearchListItem>
                    </div>
                  </div>
                </StopModalContent>
              </div>
            </div>
          </aside>
        </Portal>
      </ModalContent>
    </Modal>
  </WrappedModal>
</Component>"
`;

exports[`ScheduleFinderModal matches snapshot in origin mode with origin selected 1`] = `
"<Component closeModal={[Function: closeModal]} initialMode=\\"origin\\" route={{...}} routePatternsByDirection={{...}} scheduleNote={{...}} services={{...}} stops={{...}} today=\\"2019-12-05\\" updateURL={[Function: updateURL]} initialDirection={0} initialOrigin={{...}} handleOriginSelectClick={[Function: handleOriginSelectClick]}>
  <WrappedModal focusElementId=\\"stop-search-filter\\" ariaLabel={{...}} className=\\"schedule-finder__origin-modal\\" closeModal={[Function: closeModal]}>
    <Modal focusElementId=\\"stop-search-filter\\" ariaLabel={{...}} className=\\"schedule-finder__origin-modal\\" closeModal={[Function: closeModal]} priorPadding=\\"0px\\" paddingRight={0}>
      <ModalContent bodyPadding=\\"0px\\" scrollBarPadding={0} closeText=\\"Close\\" role=\\"dialog\\" ariaLabel={{...}} focusElementId=\\"stop-search-filter\\" className=\\"schedule-finder__origin-modal\\" closeModal={[Function: closeModal]}>
        <Portal containerInfo={{...}}>
          <aside aria-modal={true} aria-label=\\"Choose Origin Stop\\" role=\\"dialog\\" id=\\"modal-cover\\" className=\\"c-modal__cover\\" tabIndex={-1} onKeyDown={[Function: onKeyDown]} onClick={[Function: onClick]}>
            <div className=\\"c-modal schedule-finder__origin-modal\\">
              <button id=\\"modal-close\\" className=\\"btn btn-secondary c-modal__close\\" onClick={[Function: onClick]} type=\\"button\\">
                Close
              </button>
              <div className=\\"c-modal__content\\">
                <StopModalContent handleChangeStop={[Function: handleChangeOrigin]} selectedStop={{...}} stops={{...}} searchLabel=\\"Choose an origin stop\\" disabledStop=\\"741\\">
                  <div className=\\"stop-search\\">
                    <h3>
                      Choose an origin stop
                    </h3>
                    <SearchBox id=\\"stop-search-filter\\" labelText=\\"Choose an origin stop\\" className=\\"stop-search__searchbox\\" placeholder=\\"Filter stops and stations\\" onChange={[Function: bound dispatchAction]}>
                      <div className=\\"stop-search__searchbox c-form__input-container\\">
                        <label htmlFor=\\"stop-search-filter\\" className=\\"sr-only\\">
                          Choose an origin stop
                        </label>
                        <input className=\\"c-form__input\\" id=\\"stop-search-filter\\" type=\\"text\\" onChange={[Function: onChange]} value=\\"\\" placeholder=\\"Filter stops and stations\\" />
                        <button className=\\"c-form__submit-btn\\" aria-label=\\"search\\" type=\\"button\\" onClick={[Function: onClick]}>
                          <span className=\\"notranslate c-svg__icon-search-reverse-default\\" aria-hidden=\\"false\\" dangerouslySetInnerHTML={{...}} />
                        </button>
                      </div>
                    </SearchBox>
                    <p>
                      Select from the list below.
                    </p>
                    <div className=\\"stop-search__stops-list\\">
                      <StopSearchListItem stop={{...}} changeStop={[Function: handleChangeOrigin]} isSelected={false} isDisabled={true}>
                        <div tabIndex={0} role=\\"button\\" className=\\"stop-search__stop u-bold  disabled\\" onClick={[Function: onClick]} onKeyUp={[Function: onKeyUp]}>
                          Wellington
                           
                        </div>
                      </StopSearchListItem>
                      <StopSearchListItem stop={{...}} changeStop={[Function: handleChangeOrigin]} isSelected={false} isDisabled={false}>
                        <div tabIndex={0} role=\\"button\\" className=\\"stop-search__stop u-bold  \\" onClick={[Function: onClick]} onKeyUp={[Function: onKeyUp]}>
                          Abc
                           
                        </div>
                      </StopSearchListItem>
                      <StopSearchListItem stop={{...}} changeStop={[Function: handleChangeOrigin]} isSelected={false} isDisabled={true}>
                        <div tabIndex={0} role=\\"button\\" className=\\"stop-search__stop u-bold  disabled\\" onClick={[Function: onClick]} onKeyUp={[Function: onKeyUp]}>
                          SL
                           
                          <span className=\\"schedule-finder__zone\\">
                            Zone 
                            1
                          </span>
                        </div>
                      </StopSearchListItem>
                    </div>
                  </div>
                </StopModalContent>
              </div>
            </div>
          </aside>
        </Portal>
      </ModalContent>
    </Modal>
  </WrappedModal>
</Component>"
`;

exports[`ScheduleFinderModal matches snapshot in schedule mode 1`] = `
"<Component closeModal={[Function: closeModal]} initialMode=\\"origin\\" route={{...}} routePatternsByDirection={{...}} scheduleNote={{...}} services={{...}} stops={{...}} today=\\"2019-12-05\\" updateURL={[Function: updateURL]} initialDirection={0} initialOrigin={{...}} handleOriginSelectClick={[Function: handleOriginSelectClick]}>
  <WrappedModal focusElementId=\\"stop-search-filter\\" ariaLabel={{...}} className=\\"schedule-finder__origin-modal\\" closeModal={[Function: closeModal]}>
    <Modal focusElementId=\\"stop-search-filter\\" ariaLabel={{...}} className=\\"schedule-finder__origin-modal\\" closeModal={[Function: closeModal]} priorPadding=\\"0px\\" paddingRight={0}>
      <ModalContent bodyPadding=\\"0px\\" scrollBarPadding={0} closeText=\\"Close\\" role=\\"dialog\\" ariaLabel={{...}} focusElementId=\\"stop-search-filter\\" className=\\"schedule-finder__origin-modal\\" closeModal={[Function: closeModal]}>
        <Portal containerInfo={{...}}>
          <aside aria-modal={true} aria-label=\\"Choose Origin Stop\\" role=\\"dialog\\" id=\\"modal-cover\\" className=\\"c-modal__cover\\" tabIndex={-1} onKeyDown={[Function: onKeyDown]} onClick={[Function: onClick]}>
            <div className=\\"c-modal schedule-finder__origin-modal\\">
              <button id=\\"modal-close\\" className=\\"btn btn-secondary c-modal__close\\" onClick={[Function: onClick]} type=\\"button\\">
                Close
              </button>
              <div className=\\"c-modal__content\\">
                <StopModalContent handleChangeStop={[Function: handleChangeOrigin]} selectedStop={{...}} stops={{...}} searchLabel=\\"Choose an origin stop\\" disabledStop=\\"741\\">
                  <div className=\\"stop-search\\">
                    <h3>
                      Choose an origin stop
                    </h3>
                    <SearchBox id=\\"stop-search-filter\\" labelText=\\"Choose an origin stop\\" className=\\"stop-search__searchbox\\" placeholder=\\"Filter stops and stations\\" onChange={[Function: bound dispatchAction]}>
                      <div className=\\"stop-search__searchbox c-form__input-container\\">
                        <label htmlFor=\\"stop-search-filter\\" className=\\"sr-only\\">
                          Choose an origin stop
                        </label>
                        <input className=\\"c-form__input\\" id=\\"stop-search-filter\\" type=\\"text\\" onChange={[Function: onChange]} value=\\"\\" placeholder=\\"Filter stops and stations\\" />
                        <button className=\\"c-form__submit-btn\\" aria-label=\\"search\\" type=\\"button\\" onClick={[Function: onClick]}>
                          <span className=\\"notranslate c-svg__icon-search-reverse-default\\" aria-hidden=\\"false\\" dangerouslySetInnerHTML={{...}} />
                        </button>
                      </div>
                    </SearchBox>
                    <p>
                      Select from the list below.
                    </p>
                    <div className=\\"stop-search__stops-list\\">
                      <StopSearchListItem stop={{...}} changeStop={[Function: handleChangeOrigin]} isSelected={false} isDisabled={true}>
                        <div tabIndex={0} role=\\"button\\" className=\\"stop-search__stop u-bold  disabled\\" onClick={[Function: onClick]} onKeyUp={[Function: onKeyUp]}>
                          Wellington
                           
                        </div>
                      </StopSearchListItem>
                      <StopSearchListItem stop={{...}} changeStop={[Function: handleChangeOrigin]} isSelected={false} isDisabled={false}>
                        <div tabIndex={0} role=\\"button\\" className=\\"stop-search__stop u-bold  \\" onClick={[Function: onClick]} onKeyUp={[Function: onKeyUp]}>
                          Abc
                           
                        </div>
                      </StopSearchListItem>
                      <StopSearchListItem stop={{...}} changeStop={[Function: handleChangeOrigin]} isSelected={false} isDisabled={true}>
                        <div tabIndex={0} role=\\"button\\" className=\\"stop-search__stop u-bold  disabled\\" onClick={[Function: onClick]} onKeyUp={[Function: onKeyUp]}>
                          SL
                           
                          <span className=\\"schedule-finder__zone\\">
                            Zone 
                            1
                          </span>
                        </div>
                      </StopSearchListItem>
                    </div>
                  </div>
                </StopModalContent>
              </div>
            </div>
          </aside>
        </Portal>
      </ModalContent>
    </Modal>
  </WrappedModal>
</Component>"
`;
